INTERNAL {
	global:

	idpf_adapter_deinit;
	idpf_adapter_init;

	idpf_dp_prep_pkts;
	idpf_dp_singleq_recv_pkts;
	idpf_dp_singleq_recv_pkts_avx512;
	idpf_dp_singleq_recv_scatter_pkts;
	idpf_dp_singleq_xmit_pkts;
	idpf_dp_singleq_xmit_pkts_avx512;
	idpf_dp_splitq_recv_pkts;
	idpf_dp_splitq_recv_pkts_avx512;
	idpf_dp_splitq_xmit_pkts;
	idpf_dp_splitq_xmit_pkts_avx512;

	idpf_qc_rx_thresh_check;
	idpf_qc_rx_queue_release;
	idpf_qc_rxq_mbufs_release;
	idpf_qc_single_rx_queue_reset;
	idpf_qc_single_rxq_mbufs_alloc;
	idpf_qc_single_tx_queue_reset;
	idpf_qc_singleq_rx_vec_setup;
	idpf_qc_split_rx_bufq_reset;
	idpf_qc_split_rx_descq_reset;
	idpf_qc_split_rx_queue_reset;
	idpf_qc_split_rxq_mbufs_alloc;
	idpf_qc_split_tx_complq_reset;
	idpf_qc_split_tx_descq_reset;
	idpf_qc_splitq_rx_vec_setup;
	idpf_qc_ts_mbuf_register;
	idpf_qc_tx_queue_release;
	idpf_qc_tx_thresh_check;
	idpf_qc_tx_vec_avx512_setup;
	idpf_qc_txq_mbufs_release;

	idpf_vc_api_version_check;
	idpf_vc_caps_get;
	idpf_vc_cmd_execute;
	idpf_vc_ctlq_post_rx_buffs;
	idpf_vc_ctlq_recv;
	idpf_vc_ena_dis_one_queue;
	idpf_vc_irq_map_unmap_config;
	idpf_vc_one_msg_read;
	idpf_vc_ptype_info_query;
	idpf_vc_queue_grps_add;
	idpf_vc_queue_grps_del;
	idpf_vc_queue_switch;
	idpf_vc_queues_ena_dis;
	idpf_vc_rss_hash_get;
	idpf_vc_rss_hash_set;
	idpf_vc_rss_key_get;
	idpf_vc_rss_key_set;
	idpf_vc_rss_lut_get;
	idpf_vc_rss_lut_set;
	idpf_vc_rxq_config;
	idpf_vc_rxq_config_by_info;
	idpf_vc_stats_query;
	idpf_vc_txq_config;
	idpf_vc_txq_config_by_info;
	idpf_vc_vectors_alloc;
	idpf_vc_vectors_dealloc;
	idpf_vc_vport_create;
	idpf_vc_vport_destroy;
	idpf_vc_vport_ena_dis;

	idpf_vport_deinit;
	idpf_vport_info_init;
	idpf_vport_init;
	idpf_vport_irq_map_config;
	idpf_vport_irq_map_config_by_qids;
	idpf_vport_irq_unmap_config;
	idpf_vport_rss_config;
	idpf_vport_stats_update;

	local: *;
};
