INTERNAL {
	global:

	bman_acquire;
	bman_free_pool;
	bman_get_params;
	bman_new_pool;
	bman_query_free_buffers;
	bman_release;
	bman_thread_irq;
	dpaa_get_ioctl_version_number;
	dpaa_get_eth_port_cfg;
	dpaa_get_qm_channel_caam;
	dpaa_get_qm_channel_pool;
	dpaa_get_link_status;
	dpaa_restart_link_autoneg;
	dpaa_seqn_dynfield_offset;
	dpaa_update_link_speed;
	dpaa_intr_disable;
	dpaa_intr_enable;
	dpaa_seqn;
	dpaa_svr_family;
	dpaa_update_link_status;
	fman_dealloc_bufs_mask_hi;
	fman_dealloc_bufs_mask_lo;
	fman_if_add_mac_addr;
	fman_if_clear_mac_addr;
	fman_if_disable_rx;
	fman_if_discard_rx_errors;
	fman_if_enable_rx;
	fman_if_get_fc_quanta;
	fman_if_get_fc_threshold;
	fman_if_get_fdoff;
	fman_if_get_maxfrm;
	fman_if_get_sg_enable;
	fman_if_get_rx_status;
	fman_if_loopback_disable;
	fman_if_loopback_enable;
	fman_if_promiscuous_disable;
	fman_if_promiscuous_enable;
	fman_if_reset_mcast_filter_table;
	fman_if_set_bp;
	fman_if_set_err_fqid;
	fman_if_set_fc_quanta;
	fman_if_set_fc_threshold;
	fman_if_set_fdoff;
	fman_if_set_ic_params;
	fman_if_set_maxfrm;
	fman_if_set_mcast_filter_table;
	fman_if_set_sg;
	fman_if_stats_get;
	fman_if_stats_get_all;
	fman_if_stats_reset;
	fman_ip_rev;
	fman_if_receive_rx_errors;
	fsl_qman_fq_portal_create;
	netcfg_acquire;
	netcfg_release;
	per_lcore_dpaa_io;
	qman_alloc_cgrid_range;
	qman_alloc_fqid_range;
	qman_alloc_pool_range;
	qman_clear_irq;
	qman_create_cgr;
	qman_create_fq;
	qman_dca_index;
	qman_delete_cgr;
	qman_dequeue;
	qman_dqrr_consume;
	qman_enqueue;
	qman_enqueue_multi;
	qman_enqueue_multi_fq;
	qman_ern_poll_free;
	qman_ern_register_cb;
	qman_fq_fqid;
	qman_fq_portal_irqsource_add;
	qman_fq_portal_irqsource_remove;
	qman_fq_portal_thread_irq;
	qman_fq_state;
	qman_init_fq;
	qman_irqsource_add;
	qman_irqsource_remove;
	qman_modify_cgr;
	qman_oos_fq;
	qman_poll_dqrr;
	qman_portal_dequeue;
	qman_portal_poll_rx;
	qman_query_fq_frm_cnt;
	qman_query_fq_np;
	qman_release_cgrid_range;
	qman_reserve_fqid_range;
	qman_retire_fq;
	qman_set_fq_lookup_table;
	qman_set_vdq;
	qman_static_dequeue_add;
	qman_thread_fd;
	qman_thread_irq;
	qman_volatile_dequeue;
	rte_dpaa_driver_register;
	rte_dpaa_driver_unregister;
	rte_dpaa_portal_fq_close;
	rte_dpaa_portal_fq_init;
	rte_dpaa_portal_init;

	local: *;
};
