INTERNAL {
	global:

	mlx5_common_init;

	mlx5_common_verbs_reg_mr;
	mlx5_common_verbs_dereg_mr;

	mlx5_create_mr_ext;

	mlx5_dev_to_pci_addr;

	mlx5_devx_cmd_create_cq;
	mlx5_devx_cmd_create_flex_parser;
	mlx5_devx_cmd_create_qp;
	mlx5_devx_cmd_create_rq;
	mlx5_devx_cmd_create_rqt;
	mlx5_devx_cmd_create_sq;
	mlx5_devx_cmd_create_tir;
	mlx5_devx_cmd_create_td;
	mlx5_devx_cmd_create_tis;
	mlx5_devx_cmd_create_virtio_q_counters;
	mlx5_devx_cmd_create_virtq;
	mlx5_devx_cmd_create_flow_hit_aso_obj;
	mlx5_devx_cmd_destroy;
	mlx5_devx_cmd_flow_counter_alloc;
	mlx5_devx_cmd_flow_counter_query;
	mlx5_devx_cmd_flow_dump;
	mlx5_devx_cmd_mkey_create;
	mlx5_devx_cmd_modify_qp_state;
	mlx5_devx_cmd_modify_rq;
	mlx5_devx_cmd_modify_rqt;
	mlx5_devx_cmd_modify_sq;
	mlx5_devx_cmd_modify_tir;
	mlx5_devx_cmd_modify_virtq;
	mlx5_devx_cmd_qp_query_tis_td;
	mlx5_devx_cmd_query_hca_attr;
	mlx5_devx_cmd_query_parse_samples;
	mlx5_devx_cmd_query_virtio_q_counters;
	mlx5_devx_cmd_query_virtq;
	mlx5_devx_cmd_queue_counter_alloc;
	mlx5_devx_cmd_queue_counter_query;
	mlx5_devx_cmd_register_read;
	mlx5_devx_cmd_wq_query;
	mlx5_devx_get_out_command_status;
	mlx5_devx_alloc_uar;

	mlx5_get_ifname_sysfs;
	mlx5_get_dbr;

	mlx5_mp_init_primary;
	mlx5_mp_uninit_primary;
	mlx5_mp_init_secondary;
	mlx5_mp_uninit_secondary;
	mlx5_mp_req_mr_create;
	mlx5_mp_req_queue_state_modify;
	mlx5_mp_req_verbs_cmd_fd;

	mlx5_mr_btree_init;
	mlx5_mr_btree_free;
	mlx5_mr_btree_dump;
	mlx5_mr_addr2mr_bh;
	mlx5_mr_release_cache;
	mlx5_mr_dump_cache;
	mlx5_mr_rebuild_cache;
	mlx5_mr_insert_cache;
	mlx5_mr_lookup_cache;
	mlx5_mr_lookup_list;
	mlx5_mr_create_primary;
	mlx5_mr_flush_local_cache;
	mlx5_mr_free;
	mlx5_free_mr_by_addr;

	mlx5_nl_allmulti;
	mlx5_nl_devlink_family_id_get;
	mlx5_nl_driver_reload;
	mlx5_nl_enable_roce_get;
	mlx5_nl_enable_roce_set;
	mlx5_nl_ifindex;
	mlx5_nl_init;
	mlx5_nl_mac_addr_add;
	mlx5_nl_mac_addr_flush;
	mlx5_nl_mac_addr_remove;
	mlx5_nl_mac_addr_sync;
	mlx5_nl_portnum;
	mlx5_nl_promisc;
	mlx5_nl_switch_info;
	mlx5_nl_vf_mac_addr_modify;
	mlx5_nl_vlan_vmwa_create;
	mlx5_nl_vlan_vmwa_delete;

	mlx5_os_wrapped_mkey_create;
	mlx5_os_wrapped_mkey_destroy;

	mlx5_release_dbr;

	mlx5_translate_port_name;

	mlx5_malloc_mem_select;
	mlx5_memory_stat_dump;
	mlx5_malloc;
	mlx5_realloc;
	mlx5_free;

	mlx5_pci_driver_register;

	mlx5_nl_parse_link_status_update;
	mlx5_nl_read_events;
};
