EXPERIMENTAL {
	global:

	rte_compressdev_capability_get;
	rte_compressdev_close;
	rte_compressdev_configure;
	rte_compressdev_count;
	rte_compressdev_dequeue_burst;
	rte_compressdev_devices_get;
	rte_compressdev_enqueue_burst;
	rte_compressdev_get_dev_id;
	rte_compressdev_get_feature_name;
	rte_compressdev_info_get;
	rte_compressdev_name_get;
	rte_compressdev_pmd_allocate;
	rte_compressdev_pmd_create;
	rte_compressdev_pmd_destroy;
	rte_compressdev_pmd_get_named_dev;
	rte_compressdev_pmd_parse_input_args;
	rte_compressdev_pmd_release_device;
	rte_compressdev_private_xform_create;
	rte_compressdev_private_xform_free;
	rte_compressdev_queue_pair_count;
	rte_compressdev_queue_pair_setup;
	rte_compressdev_socket_id;
	rte_compressdev_start;
	rte_compressdev_stats_get;
	rte_compressdev_stats_reset;
	rte_compressdev_stop;
	rte_compressdev_stream_create;
	rte_compressdev_stream_free;
	rte_comp_get_feature_name;
	rte_comp_op_alloc;
	rte_comp_op_bulk_alloc;
	rte_comp_op_bulk_free;
	rte_comp_op_free;
	rte_comp_op_pool_create;

	local: *;
};
