DPDK_2.0 {
	global:

	__rte_panic;
	devargs_list;
	eal_parse_sysfs_value;
	eal_timer_source;
	lcore_config;
	pci_device_list;
	pci_driver_list;
	per_lcore__lcore_id;
	per_lcore__rte_errno;
	rte_calloc;
	rte_calloc_socket;
	rte_cpu_check_supported;
	rte_cpu_get_flag_enabled;
	rte_cycles_vmware_tsc_map;
	rte_delay_us;
	rte_dump_physmem_layout;
	rte_dump_registers;
	rte_dump_stack;
	rte_dump_tailq;
	rte_eal_alarm_cancel;
	rte_eal_alarm_set;
	rte_eal_dev_init;
	rte_eal_devargs_add;
	rte_eal_devargs_dump;
	rte_eal_devargs_type_count;
	rte_eal_driver_register;
	rte_eal_driver_unregister;
	rte_eal_get_configuration;
	rte_eal_get_lcore_state;
	rte_eal_get_physmem_layout;
	rte_eal_get_physmem_size;
	rte_eal_has_hugepages;
	rte_eal_hpet_init;
	rte_eal_init;
	rte_eal_iopl_init;
	rte_eal_lcore_role;
	rte_eal_mp_remote_launch;
	rte_eal_mp_wait_lcore;
	rte_eal_parse_devargs_str;
	rte_eal_pci_dump;
	rte_eal_pci_probe;
	rte_eal_pci_probe_one;
	rte_eal_pci_register;
	rte_eal_pci_scan;
	rte_eal_pci_unregister;
	rte_eal_process_type;
	rte_eal_remote_launch;
	rte_eal_tailq_lookup;
	rte_eal_tailq_register;
	rte_eal_vdev_init;
	rte_eal_vdev_uninit;
	rte_eal_wait_lcore;
	rte_exit;
	rte_free;
	rte_get_hpet_cycles;
	rte_get_hpet_hz;
	rte_get_log_level;
	rte_get_log_type;
	rte_get_tsc_hz;
	rte_hexdump;
	rte_intr_callback_register;
	rte_intr_callback_unregister;
	rte_intr_disable;
	rte_intr_enable;
	rte_log;
	rte_log_add_in_history;
	rte_log_cur_msg_loglevel;
	rte_log_cur_msg_logtype;
	rte_log_dump_history;
	rte_log_set_history;
	rte_logs;
	rte_malloc;
	rte_malloc_dump_stats;
	rte_malloc_get_socket_stats;
	rte_malloc_set_limit;
	rte_malloc_socket;
	rte_malloc_validate;
	rte_malloc_virt2phy;
	rte_mem_lock_page;
	rte_mem_phy2mch;
	rte_mem_virt2phy;
	rte_memdump;
	rte_memory_get_nchannel;
	rte_memory_get_nrank;
	rte_memzone_dump;
	rte_memzone_lookup;
	rte_memzone_reserve;
	rte_memzone_reserve_aligned;
	rte_memzone_reserve_bounded;
	rte_memzone_walk;
	rte_openlog_stream;
	rte_realloc;
	rte_set_application_usage_hook;
	rte_set_log_level;
	rte_set_log_type;
	rte_socket_id;
	rte_strerror;
	rte_strsplit;
	rte_sys_gettid;
	rte_thread_get_affinity;
	rte_thread_set_affinity;
	rte_vlog;
	rte_xen_dom0_memory_attach;
	rte_xen_dom0_memory_init;
	rte_zmalloc;
	rte_zmalloc_socket;

	local: *;
};

DPDK_2.1 {
	global:

	rte_eal_pci_detach;
	rte_eal_pci_read_config;
	rte_eal_pci_write_config;
	rte_epoll_ctl;
	rte_epoll_wait;
	rte_intr_allow_others;
	rte_intr_dp_is_en;
	rte_intr_efd_disable;
	rte_intr_efd_enable;
	rte_intr_rx_ctl;
	rte_intr_tls_epfd;
	rte_memzone_free;

} DPDK_2.0;

DPDK_2.2 {
	global:

	rte_intr_cap_multiple;
	rte_keepalive_create;
	rte_keepalive_dispatch_pings;
	rte_keepalive_mark_alive;
	rte_keepalive_register_core;
	rte_xen_dom0_supported;
	rte_xen_mem_phy2mch;

} DPDK_2.1;

DPDK_16.04 {
	global:

	rte_cpu_get_flag_name;
	rte_eal_pci_ioport_map;
	rte_eal_pci_ioport_read;
	rte_eal_pci_ioport_unmap;
	rte_eal_pci_ioport_write;
	rte_eal_pci_map_device;
	rte_eal_pci_unmap_device;
	rte_eal_primary_proc_alive;

} DPDK_2.2;

DPDK_16.07 {
	global:

	pci_get_sysfs_path;
	rte_keepalive_mark_sleep;
	rte_keepalive_register_relay_callback;
	rte_rtm_supported;
	rte_thread_setname;

} DPDK_16.04;
